// Jest Snapshot v1, https://goo.gl/fbAQLP

exports[`home screen renders 1`] = `
<MockedLinearGradient
  colors={
    [
      "#00008B",
      "#6e70f3ff",
    ]
  }
  style={
    [
      {
        "height": "100%",
        "width": "100%",
      },
      undefined,
    ]
  }
>
  <RCTScrollView>
    <View>
      <View
        style={
          {
            "alignItems": "center",
            "flexDirection": "row",
            "justifyContent": "space-between",
            "marginTop": 30,
            "paddingHorizontal": 22,
            "paddingTop": 10,
          }
        }
      >
        <Text
          style={
            [
              {
                "color": "#fff",
                "fontSize": 24,
              },
              {
                "color": "#fff",
                "fontFamily": "Inter-Regular",
              },
            ]
          }
        >
          Welcome!
        </Text>
        <View
          accessibilityState={
            {
              "busy": undefined,
              "checked": undefined,
              "disabled": undefined,
              "expanded": undefined,
              "selected": undefined,
            }
          }
          accessibilityValue={
            {
              "max": undefined,
              "min": undefined,
              "now": undefined,
              "text": undefined,
            }
          }
          accessible={true}
          collapsable={false}
          focusable={true}
          onClick={[Function]}
          onResponderGrant={[Function]}
          onResponderMove={[Function]}
          onResponderRelease={[Function]}
          onResponderTerminate={[Function]}
          onResponderTerminationRequest={[Function]}
          onStartShouldSetResponder={[Function]}
          style={
            {
              "backgroundColor": "#fff",
              "borderRadius": 5,
              "elevation": 5,
              "opacity": 1,
              "paddingHorizontal": 5,
              "paddingVertical": 10,
            }
          }
        >
          <Text
            style={
              [
                {
                  "fontSize": 16,
                },
                {
                  "color": "#00008B",
                  "fontFamily": "Inter-Regular",
                },
              ]
            }
          >
            Customize App
          </Text>
        </View>
      </View>
      <View
        style={
          {
            "borderColor": "black",
            "borderRadius": 20,
            "borderWidth": 2,
            "elevation": 3,
            "height": 200,
            "marginHorizontal": "5%",
            "marginTop": 10,
            "overflow": "hidden",
            "width": "90%",
          }
        }
      >
        <Image
          resizeMode="contain"
          source={
            {
              "testUri": "../../../src/assets/images/home-title.jpeg",
            }
          }
          style={
            {
              "height": "100%",
              "resizeMode": "cover",
              "width": "100%",
            }
          }
        />
        <Text
          style={
            {
              "fontFamily": "LavishyYours-Regular",
              "fontSize": 60,
              "paddingTop": "10%",
              "position": "absolute",
              "textAlign": "center",
              "width": "100%",
            }
          }
          testID="home-title"
        >
          Mock App
        </Text>
      </View>
      <ActivityIndicator />
    </View>
  </RCTScrollView>
</MockedLinearGradient>
`;
